[[
    [
        943,
        690,
        23,
        "#4f4545",
        "",
        "type:none",
        "6{▁⌵IF"
    ],
    [
        1035,
        667,
        23,
        "#4f4545",
        "",
        "type:none",
        "+█茢焣3ࡃ"
    ],
    [
        1012,
        667,
        23,
        "#4f4545",
        "",
        "type:none",
        "JB࠲U╘A"
    ],
    [
        1012,
        644,
        23,
        "#4f4545",
        "",
        "type:none",
        "E3茢9#ࡃ"
    ],
    [
        920,
        690,
        23,
        "#4f4545",
        "",
        "type:none",
        "╘3@猢Nģ"
    ],
    [
        874,
        690,
        23,
        "#4f4545",
        "",
        "type:none",
        "#╘D20A"
    ],
    [
        897,
        690,
        23,
        "#4f4545",
        "",
        "type:none",
        "⌵OV{㈑ģ"
    ],
    [
        943,
        713,
        23,
        "#4f4545",
        "",
        "type:none",
        "ࡄ茡AEģ茢"
    ],
    [
        920,
        713,
        23,
        "#4f4545",
        "",
        "type:none",
        "茣*ࡄR01"
    ],
    [
        897,
        713,
        23,
        "#4f4545",
        "",
        "type:none",
        "D馗⡔V3ࡃ"
    ],
    [
        1012,
        690,
        23,
        "#4f4545",
        "",
        "type:none",
        "93#Tࡃ蕃"
    ],
    [
        1012,
        713,
        23,
        "#4f4545",
        "",
        "type:none",
        "茢╘OE52"
    ],
    [
        989,
        713,
        23,
        "#4f4545",
        "",
        "type:none",
        "茢)TFU㡄"
    ],
    [
        966,
        690,
        23,
        "#4f4545",
        "",
        "type:none",
        "&茣╘⌵A#"
    ],
    [
        966,
        713,
        23,
        "#4f4545",
        "",
        "type:none",
        "{蕃^T茢蕃"
    ],
    [
        874,
        667,
        23,
        "#4f4545",
        "",
        "type:none",
        "㈑RV(0J"
    ],
    [
        943,
        667,
        23,
        "#4f4545",
        "",
        "type:none",
        "@)ģ6PN"
    ],
    [
        1035,
        690,
        23,
        "#564343",
        "",
        "type:none",
        "5&94*D"
    ],
    [
        989,
        644,
        23,
        "#528e87",
        "",
        "type:none",
        "U茡KPJ茢"
    ],
    [
        989,
        667,
        23,
        "#528e87",
        "",
        "type:none",
        "╘1蕃_馗P"
    ],
    [
        1035,
        644,
        23,
        "#528e87",
        "",
        "type:none",
        "S{4▄46"
    ],
    [
        920,
        667,
        23,
        "#528e87",
        "",
        "type:none",
        "ሒ茢A6^)"
    ],
    [
        943,
        644,
        23,
        "#528e87",
        "",
        "type:none",
        "馗7ሒृ15"
    ],
    [
        920,
        644,
        23,
        "#528e87",
        "",
        "type:none",
        "LEV0#茢"
    ],
    [
        874,
        644,
        23,
        "#528e87",
        "",
        "type:none",
        "Gࡃ_P5ሒ"
    ],
    [
        966,
        667,
        23,
        "#528e87",
        "",
        "type:none",
        "^㈑1^T^"
    ],
    [
        897,
        667,
        23,
        "#528e87",
        "",
        "type:none",
        "P5MࡃDࡄ"
    ],
    [
        989,
        690,
        23,
        "#528e87",
        "",
        "type:none",
        ")2)Q⡔㡄"
    ],
    [
        966,
        644,
        23,
        "#41b4a7",
        "",
        "type:none",
        "H*⡔╘⡔╘"
    ],
    [
        897,
        644,
        23,
        "#41b4a7",
        "",
        "type:none",
        "T*SOVሒ"
    ],
    [
        874,
        621,
        23,
        "#8cb441",
        "",
        "type:none",
        "㡄茢̢焣T茢"
    ],
    [
        874,
        598,
        23,
        "#8cb441",
        "",
        "type:none",
        "H茣D茢U茡"
    ],
    [
        897,
        575,
        23,
        "#8cb441",
        "",
        "type:none",
        "J茢(㡄ሒB"
    ],
    [
        897,
        552,
        23,
        "#8cb441",
        "",
        "type:none",
        "F}+⡔VN"
    ],
    [
        897,
        529,
        23,
        "#d61f1f",
        "",
        "type:none",
        "E+㈑3P7"
    ],
    [
        874,
        529,
        23,
        "#d61f1f",
        "",
        "type:none",
        "⌵3{蕃1▁"
    ],
    [
        874,
        552,
        23,
        "#d61f1f",
        "",
        "type:none",
        "̢蕃@ģ8U"
    ],
    [
        943,
        529,
        23,
        "#d61f1f",
        "",
        "type:none",
        ")*L−蕃A"
    ],
    [
        920,
        506,
        23,
        "#d61f1f",
        "",
        "type:none",
        "(0茡0࠲V"
    ],
    [
        920,
        483,
        23,
        "#d61f1f",
        "",
        "type:none",
        "H࠲P8@−"
    ],
    [
        874,
        483,
        23,
        "#d61f1f",
        "",
        "type:none",
        "╘J9茢0&"
    ],
    [
        920,
        529,
        23,
        "#e70404",
        "",
        "type:none",
        "焣1M^#T"
    ],
    [
        897,
        506,
        23,
        "#f76402",
        "",
        "type:none",
        "茢ृ㡄࠲EH"
    ],
    [
        897,
        506,
        23,
        "#f76402",
        "",
        "type:none",
        "9Hࡃ㡄32"
    ]
]]